// Jest Snapshot v1, https://goo.gl/fbAQLP

exports[`Product Info Form renders correctly 1`] = `
<form
  class="styled__StyledForm-sc-qzey9b-0 kcNrat"
>
  <div
    class="styled__StyledBox-sc-sj5f1m-0 ddRoJX styled__StyledPanel-sc-1h6ef3q-0 RJZJk"
  >
    <div
      class="styled__StyledBox-sc-sj5f1m-0 bixGIv styled__StyledFlex-sc-hcvk8l-0 dEoXps"
    >
      <h2
        class="styled__StyledH2-sc-tqnj75-2 styled__StyledH2-sc-1h6ef3q-1 ilmBBr iRmYTD"
      >
        Basic Information
      </h2>
    </div>
    <div
      class="styled__StyledInlineGroup-sc-1a6yr6l-2 iETVXG"
    >
      <div>
        <label
          class="styled__StyledH4-sc-tqnj75-4 styled__StyledLabel-sc-m3fyue-0 VrTsl iNerfm"
          for=":r0:"
        >
          Product name
        </label>
        <span
          class="styled__StyledInputWrapper-sc-g32raa-0 gXeHOD"
        >
          <div
            class="styled__StyledInputContent-sc-g32raa-3 fDViWi"
          >
            <input
              class="styled__StyledInput-sc-g32raa-1 jsyjbp"
              id=":r0:"
              name="name"
              required=""
              value="Product 1"
            />
          </div>
        </span>
      </div>
    </div>
    <div
      class="styled__StyledInlineGroup-sc-1a6yr6l-2 iETVXG"
    >
      <div>
        <label
          class="styled__StyledH4-sc-tqnj75-4 styled__StyledLabel-sc-m3fyue-0 VrTsl iNerfm"
          for=":r1:-input"
          id=":r1:-label"
        >
          Product type
        </label>
        <div
          class="styled__StyledInputContainer-sc-1v66t78-2 etcBoi"
        >
          <div>
            <span
              class="styled__StyledInputWrapper-sc-g32raa-0 gXeHOD"
            >
              <div
                class="styled__StyledInputContent-sc-g32raa-3 fDViWi"
              >
                <input
                  aria-activedescendant=""
                  aria-autocomplete="list"
                  aria-controls=":r1:-menu"
                  aria-expanded="false"
                  aria-labelledby=":r1:-label"
                  autocomplete="off"
                  class="styled__StyledInput-sc-g32raa-1 cLRA-dt"
                  id=":r1:-input"
                  name="type"
                  required=""
                  role="combobox"
                  value="Physical"
                />
              </div>
              <div
                class="styled__StyledIconWrapper-sc-g32raa-2 hmILyZ"
              >
                <button
                  aria-controls=":r1:-menu"
                  aria-expanded="false"
                  aria-label="toggle menu"
                  class="styled__StyledButton-sc-3yq204-0 OOVtf styled__DropdownButton-sc-1v66t78-3 ebVeLS"
                  id=":r1:-toggle-button"
                  tabindex="-1"
                  type="button"
                >
                  <span
                    class="styled__ContentWrapper-sc-3yq204-1 bLWcGS"
                  >
                    <svg
                      aria-hidden="true"
                      class="base__StyledIcon-sc-a9u0e1-0 iUZjCm styled__StyledDropdownIcon-sc-1v66t78-1 cMURAG"
                      fill="currentColor"
                      height="24"
                      stroke="currentColor"
                      stroke-width="0"
                      viewBox="0 0 24 24"
                      width="24"
                    >
                      <path
                        d="M0 0h24v24H0V0z"
                        fill="none"
                      />
                      <path
                        d="M8.71 11.71l2.59 2.59c.39.39 1.02.39 1.41 0l2.59-2.59c.63-.63.18-1.71-.71-1.71H9.41c-.89 0-1.33 1.08-.7 1.71z"
                      />
                    </svg>
                  </span>
                </button>
              </div>
            </span>
          </div>
        </div>
        <div
          class="styled__StyledBox-sc-sj5f1m-0 fDrCGs"
          style="position: absolute; left: 0px; top: 0px; transform: translate(0px, 4px);"
        >
          <ul
            aria-labelledby=":r1:-label"
            class="styled__StyledList-sc-5w3dcq-0 gGYksL"
            id=":r1:-menu"
            role="listbox"
          />
        </div>
      </div>
    </div>
    <div
      class="styled__StyledInlineGroup-sc-1a6yr6l-2 iETVXG"
    >
      <div>
        <label
          class="styled__StyledH4-sc-tqnj75-4 styled__StyledLabel-sc-m3fyue-0 VrTsl iNerfm"
          for=":r4:"
        >
          Default price (excluding tax)
        </label>
        <span
          class="styled__StyledInputWrapper-sc-g32raa-0 gXeHOD"
        >
          <div
            class="styled__StyledIconWrapper-sc-g32raa-2 jjqqKO"
          >
            $
          </div>
          <div
            class="styled__StyledInputContent-sc-g32raa-3 fDViWi"
          >
            <input
              class="styled__StyledInput-sc-g32raa-1 cZIVUm"
              id=":r4:"
              name="price"
              placeholder="10.00"
              required=""
              step="0.01"
              type="number"
              value="20"
            />
          </div>
        </span>
      </div>
    </div>
    <div
      class="styled__StyledGroup-sc-1a6yr6l-1 fHFjzg"
    >
      <div
        class="styled__CheckboxContainer-sc-s1u0st-1 bGbjQq"
      >
        <input
          aria-labelledby=":r6:"
          class="styled__HiddenCheckbox-sc-s1u0st-2 ibrtVO"
          id=":r5:"
          name="isVisible"
          type="checkbox"
        />
        <label
          aria-hidden="true"
          class="styled__StyledCheckbox-sc-s1u0st-3 cYcfpO"
          for=":r5:"
        >
          <svg
            aria-hidden="true"
            class="base__StyledIcon-sc-a9u0e1-0 iUZjCm"
            fill="currentColor"
            height="24"
            stroke="currentColor"
            stroke-width="0"
            viewBox="0 0 24 24"
            width="24"
          >
            <path
              d="M0 0h24v24H0V0z"
              fill="none"
            />
            <path
              d="M9 16.17L5.53 12.7a.996.996 0 10-1.41 1.41l4.18 4.18c.39.39 1.02.39 1.41 0L20.29 7.71a.996.996 0 10-1.41-1.41L9 16.17z"
            />
          </svg>
        </label>
        <div
          class="styled__CheckboxLabelContainer-sc-s1u0st-0 cIrPKf"
        >
          <label
            class="styled__StyledText-sc-tqnj75-5 styled__StyledLabel-sc-3soea9-0 TGZwM eJZWDN"
            for=":r5:"
            id=":r6:"
          >
            Visible on storefront
          </label>
        </div>
      </div>
    </div>
  </div>
  <div
    class="styled__StyledBox-sc-sj5f1m-0 ddRoJX styled__StyledPanel-sc-1h6ef3q-0 RJZJk"
  >
    <div
      class="styled__StyledBox-sc-sj5f1m-0 bixGIv styled__StyledFlex-sc-hcvk8l-0 dEoXps"
    >
      <h2
        class="styled__StyledH2-sc-tqnj75-2 styled__StyledH2-sc-1h6ef3q-1 ilmBBr iRmYTD"
      >
        Description
      </h2>
    </div>
    <div
      class="styled__StyledInlineGroup-sc-1a6yr6l-2 iETVXG"
    >
      <div>
        <label
          class="styled__StyledH4-sc-tqnj75-4 styled__StyledLabel-sc-m3fyue-0 VrTsl eKTpGK"
          for=":r8:"
        >
          Description
        </label>
        <span
          class="styled__StyledTextareaWrapper-sc-c1uos0-0 JihVf"
        >
          <textarea
            class="styled__StyledTextarea-sc-c1uos0-1 bHsLWV"
            id=":r8:"
            name="description"
            placeholder="Product info"
            rows="3"
          >
            &lt;h1&gt;some sample product&lt;/h1&gt;
          </textarea>
        </span>
      </div>
    </div>
  </div>
  <div
    class="styled__StyledBox-sc-sj5f1m-0 bixGIv styled__StyledFlex-sc-hcvk8l-0 bpmMsp"
  >
    <button
      class="styled__StyledButton-sc-3yq204-0 kXAkG bd-button"
      type="button"
    >
      <span
        class="styled__ContentWrapper-sc-3yq204-1 bLWcGS"
      >
        Cancel
      </span>
    </button>
    <button
      class="styled__StyledButton-sc-3yq204-0 cVsWTD bd-button"
      type="submit"
    >
      <span
        class="styled__ContentWrapper-sc-3yq204-1 bLWcGS"
      >
        Save
      </span>
    </button>
  </div>
</form>
`;
