// Jest Snapshot v1, https://goo.gl/fbAQLP

exports[`Product List renders correctly 1`] = `
<div
  class="styled__StyledBox-sc-sj5f1m-0 ddRoJX styled__StyledPanel-sc-1h6ef3q-0 RJZJk"
  id="products"
>
  <div
    aria-controls=":r0:"
    class="styled__StyledFlex-sc-yxkzj0-0 iBfqBu"
  >
    <div
      class="styled__StyledBox-sc-sj5f1m-0 cWmZxi styled__StyledFlexItem-sc-smjqtt-0 cNVUGs"
    >
      <p
        class="styled__StyledText-sc-tqnj75-5 bnKFFL"
      >
        5 Products
      </p>
    </div>
    <div
      class="styled__StyledBox-sc-sj5f1m-0 bixGIv styled__StyledFlexItem-sc-smjqtt-0 cNVUGs styled__StyledPaginationContainer-sc-1w0s9nk-0 fEkxvx"
    >
      <div
        aria-label="pagination"
        class="styled__StyledBox-sc-sj5f1m-0 bixGIv styled__StyledFlex-sc-hcvk8l-0 dEoXps"
        role="navigation"
      >
        <div
          class="styled__StyledBox-sc-sj5f1m-0 bixGIv styled__StyledFlexItem-sc-smjqtt-0 jwhrgR"
        >
          <div
            class="styled__StyledBox-sc-sj5f1m-0 bixGIv styled__StyledBox-sc-2535c9-0 kSUzcL"
          >
            <button
              aria-activedescendant=""
              aria-controls=":r1:-menu"
              aria-expanded="false"
              aria-haspopup="menu"
              class="styled__StyledButton-sc-3yq204-0 dRDWiD styled__StyledButton-sc-12shuvi-0 bdkaIM"
              id=":r1:-toggle-button"
              role="button"
              tabindex="0"
              type="button"
            >
              <span
                class="styled__ContentWrapper-sc-3yq204-1 bLWcGS"
              >
                1 - 5 of 5
                <svg
                  aria-hidden="true"
                  class="base__StyledIcon-sc-a9u0e1-0 gWUtem"
                  fill="currentColor"
                  height="24"
                  stroke="currentColor"
                  stroke-width="0"
                  viewBox="0 0 24 24"
                  width="24"
                >
                  <path
                    d="M0 0h24v24H0V0z"
                    fill="none"
                  />
                  <path
                    d="M8.71 11.71l2.59 2.59c.39.39 1.02.39 1.41 0l2.59-2.59c.63-.63.18-1.71-.71-1.71H9.41c-.89 0-1.33 1.08-.7 1.71z"
                  />
                </svg>
              </span>
            </button>
            <div
              class="styled__StyledBox-sc-sj5f1m-0 fDrCGs"
              style="position: fixed; left: 0px; top: 0px; transform: translate(0px, 4px);"
            >
              <ul
                aria-labelledby=":r1:-label"
                class="styled__StyledList-sc-5w3dcq-0 gGYksL"
                id=":r1:-menu"
                role="menu"
                tabindex="-1"
              />
            </div>
          </div>
        </div>
        <div
          class="styled__StyledBox-sc-sj5f1m-0 bixGIv styled__StyledFlexItem-sc-smjqtt-0 jwhrgR"
        >
          <button
            class="styled__StyledButton-sc-3yq204-0 easRXS styled__StyledButton-sc-12shuvi-0 bdkaIM"
            disabled=""
            type="button"
          >
            <span
              class="styled__ContentWrapper-sc-3yq204-1 bLWcGS"
            >
              <svg
                aria-labelledby=":r3:"
                class="base__StyledIcon-sc-a9u0e1-0 iUZjCm"
                fill="currentColor"
                height="24"
                stroke="currentColor"
                stroke-width="0"
                viewBox="0 0 24 24"
                width="24"
              >
                <title
                  id=":r3:"
                >
                  Previous page
                </title>
                <path
                  d="M0 0h24v24H0V0z"
                  fill="none"
                />
                <path
                  d="M14.71 6.71a.996.996 0 00-1.41 0L8.71 11.3a.996.996 0 000 1.41l4.59 4.59a.996.996 0 101.41-1.41L10.83 12l3.88-3.88c.39-.39.38-1.03 0-1.41z"
                />
              </svg>
            </span>
          </button>
          <button
            class="styled__StyledButton-sc-3yq204-0 easRXS styled__StyledButton-sc-12shuvi-0 bdkaIM"
            disabled=""
            type="button"
          >
            <span
              class="styled__ContentWrapper-sc-3yq204-1 bLWcGS"
            >
              <svg
                aria-labelledby=":r4:"
                class="base__StyledIcon-sc-a9u0e1-0 iUZjCm"
                fill="currentColor"
                height="24"
                stroke="currentColor"
                stroke-width="0"
                viewBox="0 0 24 24"
                width="24"
              >
                <title
                  id=":r4:"
                >
                  Next page
                </title>
                <path
                  d="M0 0h24v24H0V0z"
                  fill="none"
                />
                <path
                  d="M9.29 6.71a.996.996 0 000 1.41L13.17 12l-3.88 3.88a.996.996 0 101.41 1.41l4.59-4.59a.996.996 0 000-1.41L10.7 6.7c-.38-.38-1.02-.38-1.41.01z"
                />
              </svg>
            </span>
          </button>
        </div>
      </div>
    </div>
  </div>
  <table
    class="styled__StyledTable-sc-xns2ns-1 jDSVQr"
    id=":r0:"
  >
    <thead
      class="styled__StyledTableHead-sc-1p8j1x-0"
    >
      <tr>
        <th
          class="styled__StyledTableHeaderCell-sc-1opnvtt-0 kcTQMj"
          id="header-cell-0"
        >
          <div
            class="styled__StyledBox-sc-sj5f1m-0 bixGIv styled__StyledFlex-sc-hcvk8l-0 hDRTcY styled__StyledFlex-sc-1opnvtt-2 goSqTz"
          >
            Product name
          </div>
        </th>
        <th
          class="styled__StyledTableHeaderCell-sc-1opnvtt-0 kcTQMj"
          id="header-cell-1"
        >
          <div
            class="styled__StyledBox-sc-sj5f1m-0 bixGIv styled__StyledFlex-sc-hcvk8l-0 hDRTcY styled__StyledFlex-sc-1opnvtt-2 goSqTz"
          >
            Stock
          </div>
        </th>
        <th
          class="styled__StyledTableHeaderCell-sc-1opnvtt-0 kcTQMj"
          id="header-cell-2"
        >
          <div
            class="styled__StyledBox-sc-sj5f1m-0 bixGIv styled__StyledFlex-sc-hcvk8l-0 hDRTcY styled__StyledFlex-sc-1opnvtt-2 goSqTz"
          >
            Price
          </div>
        </th>
        <th
          class="styled__StyledTableHeaderCell-sc-1opnvtt-0 kBSYDT"
          id="header-cell-3"
        >
          <div
            class="styled__StyledBox-sc-sj5f1m-0 bixGIv styled__StyledFlex-sc-hcvk8l-0 hDRTcY styled__StyledFlex-sc-1opnvtt-2 muWbY"
          >
            Action
          </div>
        </th>
      </tr>
    </thead>
    <tbody
      class="styled__StyledTableBody-sc-1bwe2hn-0"
    >
      <tr
        class="styled__StyledTableRow-sc-xq0hr0-0 hgtzoq"
      >
        <td
          class="styled__StyledTableDataCell-sc-16y6nzi-0 kEUlTX"
        >
          <a
            class="styled__StyledLink-sc-n9mww9-0 jUqmrJ"
          >
            Product 0
          </a>
        </td>
        <td
          class="styled__StyledTableDataCell-sc-16y6nzi-0 kEUlTX"
        >
          <p
            class="styled__StyledSmall-sc-tqnj75-6 ljJUTy"
            color="danger"
          >
            0
          </p>
        </td>
        <td
          class="styled__StyledTableDataCell-sc-16y6nzi-0 kEUlTX"
        >
          $10.00
        </td>
        <td
          class="styled__StyledTableDataCell-sc-16y6nzi-0 kEUlTX"
        >
          <div
            class="styled__StyledBox-sc-sj5f1m-0 bixGIv styled__StyledBox-sc-2535c9-0 kSUzcL"
          >
            <button
              aria-activedescendant=""
              aria-controls=":r9:-menu"
              aria-expanded="false"
              aria-haspopup="menu"
              class="styled__StyledButton-sc-3yq204-0 easRXS bd-button"
              id=":r9:-toggle-button"
              role="button"
              tabindex="0"
            >
              <span
                class="styled__ContentWrapper-sc-3yq204-1 bLWcGS"
              >
                <svg
                  aria-hidden="true"
                  class="base__StyledIcon-sc-a9u0e1-0 becPjm"
                  color="secondary60"
                  fill="currentColor"
                  height="24"
                  stroke="currentColor"
                  stroke-width="0"
                  viewBox="0 0 24 24"
                  width="24"
                >
                  <path
                    d="M0 0h24v24H0V0z"
                    fill="none"
                  />
                  <path
                    d="M6 10c-1.1 0-2 .9-2 2s.9 2 2 2 2-.9 2-2-.9-2-2-2zm12 0c-1.1 0-2 .9-2 2s.9 2 2 2 2-.9 2-2-.9-2-2-2zm-6 0c-1.1 0-2 .9-2 2s.9 2 2 2 2-.9 2-2-.9-2-2-2z"
                  />
                </svg>
              </span>
            </button>
            <div
              class="styled__StyledBox-sc-sj5f1m-0 fDrCGs"
              style="position: absolute; left: 0px; top: 0px;"
            >
              <ul
                aria-labelledby=":r9:-label"
                class="styled__StyledList-sc-5w3dcq-0 gGYksL"
                id=":r9:-menu"
                role="menu"
                tabindex="-1"
              />
            </div>
          </div>
        </td>
      </tr>
      <tr
        class="styled__StyledTableRow-sc-xq0hr0-0 hgtzoq"
      >
        <td
          class="styled__StyledTableDataCell-sc-16y6nzi-0 kEUlTX"
        >
          <a
            class="styled__StyledLink-sc-n9mww9-0 jUqmrJ"
          >
            Product 1
          </a>
        </td>
        <td
          class="styled__StyledTableDataCell-sc-16y6nzi-0 kEUlTX"
        >
          <p
            class="styled__StyledSmall-sc-tqnj75-6 ljJUTy"
            color="danger"
          >
            0
          </p>
        </td>
        <td
          class="styled__StyledTableDataCell-sc-16y6nzi-0 kEUlTX"
        >
          $20.00
        </td>
        <td
          class="styled__StyledTableDataCell-sc-16y6nzi-0 kEUlTX"
        >
          <div
            class="styled__StyledBox-sc-sj5f1m-0 bixGIv styled__StyledBox-sc-2535c9-0 kSUzcL"
          >
            <button
              aria-activedescendant=""
              aria-controls=":rb:-menu"
              aria-expanded="false"
              aria-haspopup="menu"
              class="styled__StyledButton-sc-3yq204-0 easRXS bd-button"
              id=":rb:-toggle-button"
              role="button"
              tabindex="0"
            >
              <span
                class="styled__ContentWrapper-sc-3yq204-1 bLWcGS"
              >
                <svg
                  aria-hidden="true"
                  class="base__StyledIcon-sc-a9u0e1-0 becPjm"
                  color="secondary60"
                  fill="currentColor"
                  height="24"
                  stroke="currentColor"
                  stroke-width="0"
                  viewBox="0 0 24 24"
                  width="24"
                >
                  <path
                    d="M0 0h24v24H0V0z"
                    fill="none"
                  />
                  <path
                    d="M6 10c-1.1 0-2 .9-2 2s.9 2 2 2 2-.9 2-2-.9-2-2-2zm12 0c-1.1 0-2 .9-2 2s.9 2 2 2 2-.9 2-2-.9-2-2-2zm-6 0c-1.1 0-2 .9-2 2s.9 2 2 2 2-.9 2-2-.9-2-2-2z"
                  />
                </svg>
              </span>
            </button>
            <div
              class="styled__StyledBox-sc-sj5f1m-0 fDrCGs"
              style="position: absolute; left: 0px; top: 0px;"
            >
              <ul
                aria-labelledby=":rb:-label"
                class="styled__StyledList-sc-5w3dcq-0 gGYksL"
                id=":rb:-menu"
                role="menu"
                tabindex="-1"
              />
            </div>
          </div>
        </td>
      </tr>
      <tr
        class="styled__StyledTableRow-sc-xq0hr0-0 hgtzoq"
      >
        <td
          class="styled__StyledTableDataCell-sc-16y6nzi-0 kEUlTX"
        >
          <a
            class="styled__StyledLink-sc-n9mww9-0 jUqmrJ"
          >
            Product 2
          </a>
        </td>
        <td
          class="styled__StyledTableDataCell-sc-16y6nzi-0 kEUlTX"
        >
          <p
            class="styled__StyledSmall-sc-tqnj75-6 ljJUTy"
            color="danger"
          >
            0
          </p>
        </td>
        <td
          class="styled__StyledTableDataCell-sc-16y6nzi-0 kEUlTX"
        >
          $30.00
        </td>
        <td
          class="styled__StyledTableDataCell-sc-16y6nzi-0 kEUlTX"
        >
          <div
            class="styled__StyledBox-sc-sj5f1m-0 bixGIv styled__StyledBox-sc-2535c9-0 kSUzcL"
          >
            <button
              aria-activedescendant=""
              aria-controls=":rd:-menu"
              aria-expanded="false"
              aria-haspopup="menu"
              class="styled__StyledButton-sc-3yq204-0 easRXS bd-button"
              id=":rd:-toggle-button"
              role="button"
              tabindex="0"
            >
              <span
                class="styled__ContentWrapper-sc-3yq204-1 bLWcGS"
              >
                <svg
                  aria-hidden="true"
                  class="base__StyledIcon-sc-a9u0e1-0 becPjm"
                  color="secondary60"
                  fill="currentColor"
                  height="24"
                  stroke="currentColor"
                  stroke-width="0"
                  viewBox="0 0 24 24"
                  width="24"
                >
                  <path
                    d="M0 0h24v24H0V0z"
                    fill="none"
                  />
                  <path
                    d="M6 10c-1.1 0-2 .9-2 2s.9 2 2 2 2-.9 2-2-.9-2-2-2zm12 0c-1.1 0-2 .9-2 2s.9 2 2 2 2-.9 2-2-.9-2-2-2zm-6 0c-1.1 0-2 .9-2 2s.9 2 2 2 2-.9 2-2-.9-2-2-2z"
                  />
                </svg>
              </span>
            </button>
            <div
              class="styled__StyledBox-sc-sj5f1m-0 fDrCGs"
              style="position: absolute; left: 0px; top: 0px;"
            >
              <ul
                aria-labelledby=":rd:-label"
                class="styled__StyledList-sc-5w3dcq-0 gGYksL"
                id=":rd:-menu"
                role="menu"
                tabindex="-1"
              />
            </div>
          </div>
        </td>
      </tr>
      <tr
        class="styled__StyledTableRow-sc-xq0hr0-0 hgtzoq"
      >
        <td
          class="styled__StyledTableDataCell-sc-16y6nzi-0 kEUlTX"
        >
          <a
            class="styled__StyledLink-sc-n9mww9-0 jUqmrJ"
          >
            Product 3
          </a>
        </td>
        <td
          class="styled__StyledTableDataCell-sc-16y6nzi-0 kEUlTX"
        >
          <p
            class="styled__StyledSmall-sc-tqnj75-6 ljJUTy"
            color="danger"
          >
            0
          </p>
        </td>
        <td
          class="styled__StyledTableDataCell-sc-16y6nzi-0 kEUlTX"
        >
          $40.00
        </td>
        <td
          class="styled__StyledTableDataCell-sc-16y6nzi-0 kEUlTX"
        >
          <div
            class="styled__StyledBox-sc-sj5f1m-0 bixGIv styled__StyledBox-sc-2535c9-0 kSUzcL"
          >
            <button
              aria-activedescendant=""
              aria-controls=":rf:-menu"
              aria-expanded="false"
              aria-haspopup="menu"
              class="styled__StyledButton-sc-3yq204-0 easRXS bd-button"
              id=":rf:-toggle-button"
              role="button"
              tabindex="0"
            >
              <span
                class="styled__ContentWrapper-sc-3yq204-1 bLWcGS"
              >
                <svg
                  aria-hidden="true"
                  class="base__StyledIcon-sc-a9u0e1-0 becPjm"
                  color="secondary60"
                  fill="currentColor"
                  height="24"
                  stroke="currentColor"
                  stroke-width="0"
                  viewBox="0 0 24 24"
                  width="24"
                >
                  <path
                    d="M0 0h24v24H0V0z"
                    fill="none"
                  />
                  <path
                    d="M6 10c-1.1 0-2 .9-2 2s.9 2 2 2 2-.9 2-2-.9-2-2-2zm12 0c-1.1 0-2 .9-2 2s.9 2 2 2 2-.9 2-2-.9-2-2-2zm-6 0c-1.1 0-2 .9-2 2s.9 2 2 2 2-.9 2-2-.9-2-2-2z"
                  />
                </svg>
              </span>
            </button>
            <div
              class="styled__StyledBox-sc-sj5f1m-0 fDrCGs"
              style="position: absolute; left: 0px; top: 0px;"
            >
              <ul
                aria-labelledby=":rf:-label"
                class="styled__StyledList-sc-5w3dcq-0 gGYksL"
                id=":rf:-menu"
                role="menu"
                tabindex="-1"
              />
            </div>
          </div>
        </td>
      </tr>
      <tr
        class="styled__StyledTableRow-sc-xq0hr0-0 hgtzoq"
      >
        <td
          class="styled__StyledTableDataCell-sc-16y6nzi-0 kEUlTX"
        >
          <a
            class="styled__StyledLink-sc-n9mww9-0 jUqmrJ"
          >
            Product 4
          </a>
        </td>
        <td
          class="styled__StyledTableDataCell-sc-16y6nzi-0 kEUlTX"
        >
          <p
            class="styled__StyledSmall-sc-tqnj75-6 ljJUTy"
            color="danger"
          >
            0
          </p>
        </td>
        <td
          class="styled__StyledTableDataCell-sc-16y6nzi-0 kEUlTX"
        >
          $50.00
        </td>
        <td
          class="styled__StyledTableDataCell-sc-16y6nzi-0 kEUlTX"
        >
          <div
            class="styled__StyledBox-sc-sj5f1m-0 bixGIv styled__StyledBox-sc-2535c9-0 kSUzcL"
          >
            <button
              aria-activedescendant=""
              aria-controls=":rh:-menu"
              aria-expanded="false"
              aria-haspopup="menu"
              class="styled__StyledButton-sc-3yq204-0 easRXS bd-button"
              id=":rh:-toggle-button"
              role="button"
              tabindex="0"
            >
              <span
                class="styled__ContentWrapper-sc-3yq204-1 bLWcGS"
              >
                <svg
                  aria-hidden="true"
                  class="base__StyledIcon-sc-a9u0e1-0 becPjm"
                  color="secondary60"
                  fill="currentColor"
                  height="24"
                  stroke="currentColor"
                  stroke-width="0"
                  viewBox="0 0 24 24"
                  width="24"
                >
                  <path
                    d="M0 0h24v24H0V0z"
                    fill="none"
                  />
                  <path
                    d="M6 10c-1.1 0-2 .9-2 2s.9 2 2 2 2-.9 2-2-.9-2-2-2zm12 0c-1.1 0-2 .9-2 2s.9 2 2 2 2-.9 2-2-.9-2-2-2zm-6 0c-1.1 0-2 .9-2 2s.9 2 2 2 2-.9 2-2-.9-2-2-2z"
                  />
                </svg>
              </span>
            </button>
            <div
              class="styled__StyledBox-sc-sj5f1m-0 fDrCGs"
              style="position: absolute; left: 0px; top: 0px;"
            >
              <ul
                aria-labelledby=":rh:-label"
                class="styled__StyledList-sc-5w3dcq-0 gGYksL"
                id=":rh:-menu"
                role="menu"
                tabindex="-1"
              />
            </div>
          </div>
        </td>
      </tr>
    </tbody>
  </table>
</div>
`;
