// Jest Snapshot v1, https://goo.gl/fbAQLP

exports[`Homepage renders correctly 1`] = `
<div
  class="styled__StyledBox-sc-sj5f1m-0 ddRoJX styled__StyledPanel-sc-1h6ef3q-0 RJZJk"
  id="home"
>
  <div
    class="styled__StyledBox-sc-sj5f1m-0 bixGIv styled__StyledFlex-sc-hcvk8l-0 dEoXps"
  >
    <h2
      class="styled__StyledH2-sc-tqnj75-2 styled__StyledH2-sc-1h6ef3q-1 ilmBBr iRmYTD"
    >
      Homepage
    </h2>
  </div>
  <div
    class="styled__StyledBox-sc-sj5f1m-0 bixGIv styled__StyledFlex-sc-hcvk8l-0 gCdIQq"
  >
    <div
      class="styled__StyledBox-sc-sj5f1m-0 edPngG pages__StyledBox-sc-jwwna7-0 dYpWSa"
    >
      <h4
        class="styled__StyledH4-sc-tqnj75-4 VrTsl"
      >
        Inventory count
      </h4>
      <h1
        class="styled__StyledH1-sc-tqnj75-1 dRcaXw"
      >
        3
      </h1>
    </div>
    <div
      class="styled__StyledBox-sc-sj5f1m-0 edPngG pages__StyledBox-sc-jwwna7-0 dYpWSa"
    >
      <h4
        class="styled__StyledH4-sc-tqnj75-4 VrTsl"
      >
        Variant count
      </h4>
      <h1
        class="styled__StyledH1-sc-tqnj75-1 dRcaXw"
      >
        2
      </h1>
    </div>
    <div
      class="styled__StyledBox-sc-sj5f1m-0 jHwTSQ pages__StyledBox-sc-jwwna7-0 dYpWSa"
    >
      <h4
        class="styled__StyledH4-sc-tqnj75-4 VrTsl"
      >
        Primary category
      </h4>
      <h1
        class="styled__StyledH1-sc-tqnj75-1 dRcaXw"
      >
        widgets
      </h1>
    </div>
  </div>
</div>
`;
