// Jest Snapshot v1, https://goo.gl/fbAQLP

exports[`ProductAppExtension renders correctly 1`] = `
<div
  class="styled__StyledBox-sc-sj5f1m-0 iWwSMi styled__StyledPanel-sc-1h6ef3q-0 RJZJk"
>
  <div
    class="styled__StyledBox-sc-sj5f1m-0 bixGIv styled__StyledFlex-sc-hcvk8l-0 dEoXps"
  >
    <h2
      class="styled__StyledH2-sc-tqnj75-2 styled__StyledH2-sc-1h6ef3q-1 ilmBBr iRmYTD"
    >
      Basic Information
    </h2>
  </div>
  <h4
    class="styled__StyledH4-sc-tqnj75-4 VrTsl"
  >
    Product name
  </h4>
  <p
    class="styled__StyledText-sc-tqnj75-5 TGZwM"
  >
    Product 1
  </p>
  <h4
    class="styled__StyledH4-sc-tqnj75-4 VrTsl"
  >
    Product type
  </h4>
  <p
    class="styled__StyledText-sc-tqnj75-5 TGZwM"
  >
    Physical
  </p>
  <h4
    class="styled__StyledH4-sc-tqnj75-4 VrTsl"
  >
    Default price (excluding tax)
  </h4>
  <p
    class="styled__StyledText-sc-tqnj75-5 TGZwM"
  >
    $
    20
  </p>
  <h4
    class="styled__StyledH4-sc-tqnj75-4 VrTsl"
  >
    Visible on storefront
  </h4>
  <p
    class="styled__StyledText-sc-tqnj75-5 TGZwM"
  >
    False
  </p>
</div>
`;
